SCIDB QUERY : <create array DAY_HA <daystr: string>[day=0:6,1,0] distribution hashed>
Query was executed successfully

SCIDB QUERY : <show(DAY_HA)>
{i} schema,distribution
{0} 'DAY_HA<daystr:string> [day=0:6:0:1]','hashed'

SCIDB QUERY : <create array DAY_RC <daystr: string>[day=0:6,1,0] distribution row_cyclic>
Query was executed successfully

SCIDB QUERY : <show(DAY_RC)>
{i} schema,distribution
{0} 'DAY_RC<daystr:string> [day=0:6:0:1]','row_cyclic'

"show('input(DAY_HA, <DATAFILE>)','afl')"
{i} schema,distribution
{0} 'DAY_HA<daystr:string> [day=0:6:0:1]',null

"show('input(DAY_RC, <DATAFILE>)','afl')"
{i} schema,distribution
{0} 'DAY_RC<daystr:string> [day=0:6:0:1]',null

SCIDB QUERY : <_show2_nodist('build(DAY_HA, \'foo\')','afl')>
{i} schema
{0} 'DAY_HA<daystr:string> [day=0:6:0:1]'

SCIDB QUERY : <_show2_nodist('build(DAY_RC, \'foo\')','afl')>
{i} schema
{0} 'DAY_RC<daystr:string> [day=0:6:0:1]'

SCIDB QUERY : <remove(DAY_HA)>
Query was executed successfully

SCIDB QUERY : <remove(DAY_RC)>
Query was executed successfully

