SCIDB QUERY : <create array DAY_HA <daystr: string>[dummy=0:0,1,0, day=0:6,1,0] distribution hashed>
Query was executed successfully

SCIDB QUERY : <show(DAY_HA)>
{i} schema,distribution
{0} 'DAY_HA<daystr:string> [dummy=0:0:0:1; day=0:6:0:1]','hashed'

SCIDB QUERY : <create array DAY_CC <daystr: string>[dummy=0:0,1,0, day=0:6,1,0] distribution col_cyclic>
Query was executed successfully

SCIDB QUERY : <show(DAY_CC)>
{i} schema,distribution
{0} 'DAY_CC<daystr:string> [dummy=0:0:0:1; day=0:6:0:1]','col_cyclic'

"show('input(DAY_HA, <DATAFILE>)','afl')"
{i} schema,distribution
{0} 'DAY_HA<daystr:string> [dummy=0:0:0:1; day=0:6:0:1]',null

"show('input(DAY_CC, <DATAFILE>)','afl')"
{i} schema,distribution
{0} 'DAY_CC<daystr:string> [dummy=0:0:0:1; day=0:6:0:1]',null

SCIDB QUERY : <_show2_nodist('build(DAY_HA, \'foo\')','afl')>
{i} schema
{0} 'DAY_HA<daystr:string> [dummy=0:0:0:1; day=0:6:0:1]'

SCIDB QUERY : <_show2_nodist('build(DAY_CC, \'foo\')','afl')>
{i} schema
{0} 'DAY_CC<daystr:string> [dummy=0:0:0:1; day=0:6:0:1]'

SCIDB QUERY : <remove(DAY_HA)>
Query was executed successfully

SCIDB QUERY : <remove(DAY_CC)>
Query was executed successfully

