SCIDB QUERY : <store(build(<q:uint64>[i=0:9:0:2], i), b)>
Query was executed successfully

SCIDB QUERY : <add_attributes(b, <r:int64, s:int64>)>
Query was executed successfully

SCIDB QUERY : <scan(b)>
{i} q,r,s
{0} 0,null,null
{1} 1,null,null
{2} 2,null,null
{3} 3,null,null
{4} 4,null,null
{5} 5,null,null
{6} 6,null,null
{7} 7,null,null
{8} 8,null,null
{9} 9,null,null

SCIDB QUERY : <add_attributes(b, <t:int64, u:int64>)>
Query was executed successfully

SCIDB QUERY : <scan(b)>
{i} q,r,s,t,u
{0} 0,null,null,null,null
{1} 1,null,null,null,null
{2} 2,null,null,null,null
{3} 3,null,null,null,null
{4} 4,null,null,null,null
{5} 5,null,null,null,null
{6} 6,null,null,null,null
{7} 7,null,null,null,null
{8} 8,null,null,null,null
{9} 9,null,null,null,null

SCIDB QUERY : <add_attributes(b, <v:int64, w:int64, x:int64>)>
Query was executed successfully

SCIDB QUERY : <scan(b)>
{i} q,r,s,t,u,v,w,x
{0} 0,null,null,null,null,null,null,null
{1} 1,null,null,null,null,null,null,null
{2} 2,null,null,null,null,null,null,null
{3} 3,null,null,null,null,null,null,null
{4} 4,null,null,null,null,null,null,null
{5} 5,null,null,null,null,null,null,null
{6} 6,null,null,null,null,null,null,null
{7} 7,null,null,null,null,null,null,null
{8} 8,null,null,null,null,null,null,null
{9} 9,null,null,null,null,null,null,null

SCIDB QUERY : <add_attributes(b, <y:int64>)>
Query was executed successfully

SCIDB QUERY : <scan(b)>
{i} q,r,s,t,u,v,w,x,y
{0} 0,null,null,null,null,null,null,null,null
{1} 1,null,null,null,null,null,null,null,null
{2} 2,null,null,null,null,null,null,null,null
{3} 3,null,null,null,null,null,null,null,null
{4} 4,null,null,null,null,null,null,null,null
{5} 5,null,null,null,null,null,null,null,null
{6} 6,null,null,null,null,null,null,null,null
{7} 7,null,null,null,null,null,null,null,null
{8} 8,null,null,null,null,null,null,null,null
{9} 9,null,null,null,null,null,null,null,null

SCIDB QUERY : <store(project(apply(b, vp, 37*q), q, r, s, t, u, vp, w, x, y), b)>
Query was executed successfully

SCIDB QUERY : <scan(b)>
{i} q,r,s,t,u,v,w,x,y
{0} 0,null,null,null,null,0,null,null,null
{1} 1,null,null,null,null,37,null,null,null
{2} 2,null,null,null,null,74,null,null,null
{3} 3,null,null,null,null,111,null,null,null
{4} 4,null,null,null,null,148,null,null,null
{5} 5,null,null,null,null,185,null,null,null
{6} 6,null,null,null,null,222,null,null,null
{7} 7,null,null,null,null,259,null,null,null
{8} 8,null,null,null,null,296,null,null,null
{9} 9,null,null,null,null,333,null,null,null

SCIDB QUERY : <store(project(apply(b, yp, 18*q), q, r, s, t, u, v, w, x, yp), b)>
Query was executed successfully

SCIDB QUERY : <remove(b)>
Query was executed successfully

